../Drivers/STM32F0xx_HAL_Driver/Src/stm32f0xx_hal_usart.c:274:19:HAL_USART_Init	16	static
../Drivers/STM32F0xx_HAL_Driver/Src/stm32f0xx_hal_usart.c:350:19:HAL_USART_DeInit	16	static
../Drivers/STM32F0xx_HAL_Driver/Src/stm32f0xx_hal_usart.c:393:13:HAL_USART_MspInit	16	static
../Drivers/STM32F0xx_HAL_Driver/Src/stm32f0xx_hal_usart.c:408:13:HAL_USART_MspDeInit	16	static
../Drivers/STM32F0xx_HAL_Driver/Src/stm32f0xx_hal_usart.c:743:19:HAL_USART_Transmit	48	static
../Drivers/STM32F0xx_HAL_Driver/Src/stm32f0xx_hal_usart.c:859:19:HAL_USART_Receive	48	static
../Drivers/STM32F0xx_HAL_Driver/Src/stm32f0xx_hal_usart.c:980:19:HAL_USART_TransmitReceive	64	static
../Drivers/STM32F0xx_HAL_Driver/Src/stm32f0xx_hal_usart.c:1143:19:HAL_USART_Transmit_IT	24	static
../Drivers/STM32F0xx_HAL_Driver/Src/stm32f0xx_hal_usart.c:1222:19:HAL_USART_Receive_IT	24	static
../Drivers/STM32F0xx_HAL_Driver/Src/stm32f0xx_hal_usart.c:1316:19:HAL_USART_TransmitReceive_IT	24	static
../Drivers/STM32F0xx_HAL_Driver/Src/stm32f0xx_hal_usart.c:1409:19:HAL_USART_Transmit_DMA	40	static
../Drivers/STM32F0xx_HAL_Driver/Src/stm32f0xx_hal_usart.c:1510:19:HAL_USART_Receive_DMA	40	static
../Drivers/STM32F0xx_HAL_Driver/Src/stm32f0xx_hal_usart.c:1644:19:HAL_USART_TransmitReceive_DMA	40	static
../Drivers/STM32F0xx_HAL_Driver/Src/stm32f0xx_hal_usart.c:1775:19:HAL_USART_DMAPause	24	static
../Drivers/STM32F0xx_HAL_Driver/Src/stm32f0xx_hal_usart.c:1822:19:HAL_USART_DMAResume	24	static
../Drivers/STM32F0xx_HAL_Driver/Src/stm32f0xx_hal_usart.c:1869:19:HAL_USART_DMAStop	16	static
../Drivers/STM32F0xx_HAL_Driver/Src/stm32f0xx_hal_usart.c:1929:19:HAL_USART_Abort	16	static
../Drivers/STM32F0xx_HAL_Driver/Src/stm32f0xx_hal_usart.c:2020:19:HAL_USART_Abort_IT	24	static
../Drivers/STM32F0xx_HAL_Driver/Src/stm32f0xx_hal_usart.c:2145:6:HAL_USART_IRQHandler	40	static
../Drivers/STM32F0xx_HAL_Driver/Src/stm32f0xx_hal_usart.c:2341:13:HAL_USART_TxCpltCallback	16	static
../Drivers/STM32F0xx_HAL_Driver/Src/stm32f0xx_hal_usart.c:2356:13:HAL_USART_TxHalfCpltCallback	16	static
../Drivers/STM32F0xx_HAL_Driver/Src/stm32f0xx_hal_usart.c:2371:13:HAL_USART_RxCpltCallback	16	static
../Drivers/STM32F0xx_HAL_Driver/Src/stm32f0xx_hal_usart.c:2386:13:HAL_USART_RxHalfCpltCallback	16	static
../Drivers/STM32F0xx_HAL_Driver/Src/stm32f0xx_hal_usart.c:2401:13:HAL_USART_TxRxCpltCallback	16	static
../Drivers/STM32F0xx_HAL_Driver/Src/stm32f0xx_hal_usart.c:2416:13:HAL_USART_ErrorCallback	16	static
../Drivers/STM32F0xx_HAL_Driver/Src/stm32f0xx_hal_usart.c:2431:13:HAL_USART_AbortCpltCallback	16	static
../Drivers/STM32F0xx_HAL_Driver/Src/stm32f0xx_hal_usart.c:2468:24:HAL_USART_GetState	16	static
../Drivers/STM32F0xx_HAL_Driver/Src/stm32f0xx_hal_usart.c:2479:10:HAL_USART_GetError	16	static
../Drivers/STM32F0xx_HAL_Driver/Src/stm32f0xx_hal_usart.c:2520:13:USART_EndTransfer	16	static
../Drivers/STM32F0xx_HAL_Driver/Src/stm32f0xx_hal_usart.c:2535:13:USART_DMATransmitCplt	24	static
../Drivers/STM32F0xx_HAL_Driver/Src/stm32f0xx_hal_usart.c:2575:13:USART_DMATxHalfCplt	24	static
../Drivers/STM32F0xx_HAL_Driver/Src/stm32f0xx_hal_usart.c:2593:13:USART_DMAReceiveCplt	24	static
../Drivers/STM32F0xx_HAL_Driver/Src/stm32f0xx_hal_usart.c:2668:13:USART_DMARxHalfCplt	24	static
../Drivers/STM32F0xx_HAL_Driver/Src/stm32f0xx_hal_usart.c:2686:13:USART_DMAError	24	static
../Drivers/STM32F0xx_HAL_Driver/Src/stm32f0xx_hal_usart.c:2712:13:USART_DMAAbortOnError	24	static
../Drivers/STM32F0xx_HAL_Driver/Src/stm32f0xx_hal_usart.c:2735:13:USART_DMATxAbortCallback	24	static
../Drivers/STM32F0xx_HAL_Driver/Src/stm32f0xx_hal_usart.c:2783:13:USART_DMARxAbortCallback	24	static
../Drivers/STM32F0xx_HAL_Driver/Src/stm32f0xx_hal_usart.c:2832:26:USART_WaitOnFlagUntilTimeout	24	static
../Drivers/STM32F0xx_HAL_Driver/Src/stm32f0xx_hal_usart.c:2860:26:USART_SetConfig	40	static
../Drivers/STM32F0xx_HAL_Driver/Src/stm32f0xx_hal_usart.c:2952:26:USART_CheckIdleState	32	static
../Drivers/STM32F0xx_HAL_Driver/Src/stm32f0xx_hal_usart.c:3001:13:USART_TxISR_8BIT	24	static
../Drivers/STM32F0xx_HAL_Driver/Src/stm32f0xx_hal_usart.c:3035:13:USART_TxISR_16BIT	24	static
../Drivers/STM32F0xx_HAL_Driver/Src/stm32f0xx_hal_usart.c:3068:13:USART_EndTransmit_IT	16	static
../Drivers/STM32F0xx_HAL_Driver/Src/stm32f0xx_hal_usart.c:3124:13:USART_RxISR_8BIT	24	static
../Drivers/STM32F0xx_HAL_Driver/Src/stm32f0xx_hal_usart.c:3204:13:USART_RxISR_16BIT	32	static
