Archive member included to satisfy reference by file (symbol)

C:/setuplar/ST/STM32CubeIDE_1.12.0/STM32CubeIDE/plugins/com.st.stm32cube.ide.mcu.externaltools.gnu-tools-for-stm32.12.3.rel1.win32_1.0.200.202406191623/tools/bin/../lib/gcc/arm-none-eabi/12.3.1/../../../../arm-none-eabi/lib/thumb/v6-m/nofp\libc_nano.a(libc_a-exit.o)
                              C:/setuplar/ST/STM32CubeIDE_1.12.0/STM32CubeIDE/plugins/com.st.stm32cube.ide.mcu.externaltools.gnu-tools-for-stm32.12.3.rel1.win32_1.0.200.202406191623/tools/bin/../lib/gcc/arm-none-eabi/12.3.1/../../../../arm-none-eabi/lib/thumb/v6-m/nofp/crt0.o (exit)
C:/setuplar/ST/STM32CubeIDE_1.12.0/STM32CubeIDE/plugins/com.st.stm32cube.ide.mcu.externaltools.gnu-tools-for-stm32.12.3.rel1.win32_1.0.200.202406191623/tools/bin/../lib/gcc/arm-none-eabi/12.3.1/../../../../arm-none-eabi/lib/thumb/v6-m/nofp\libc_nano.a(libc_a-findfp.o)
                              C:/setuplar/ST/STM32CubeIDE_1.12.0/STM32CubeIDE/plugins/com.st.stm32cube.ide.mcu.externaltools.gnu-tools-for-stm32.12.3.rel1.win32_1.0.200.202406191623/tools/bin/../lib/gcc/arm-none-eabi/12.3.1/../../../../arm-none-eabi/lib/thumb/v6-m/nofp\libc_nano.a(libc_a-exit.o) (__stdio_exit_handler)
C:/setuplar/ST/STM32CubeIDE_1.12.0/STM32CubeIDE/plugins/com.st.stm32cube.ide.mcu.externaltools.gnu-tools-for-stm32.12.3.rel1.win32_1.0.200.202406191623/tools/bin/../lib/gcc/arm-none-eabi/12.3.1/../../../../arm-none-eabi/lib/thumb/v6-m/nofp\libc_nano.a(libc_a-fwalk.o)
                              C:/setuplar/ST/STM32CubeIDE_1.12.0/STM32CubeIDE/plugins/com.st.stm32cube.ide.mcu.externaltools.gnu-tools-for-stm32.12.3.rel1.win32_1.0.200.202406191623/tools/bin/../lib/gcc/arm-none-eabi/12.3.1/../../../../arm-none-eabi/lib/thumb/v6-m/nofp\libc_nano.a(libc_a-findfp.o) (_fwalk_sglue)
C:/setuplar/ST/STM32CubeIDE_1.12.0/STM32CubeIDE/plugins/com.st.stm32cube.ide.mcu.externaltools.gnu-tools-for-stm32.12.3.rel1.win32_1.0.200.202406191623/tools/bin/../lib/gcc/arm-none-eabi/12.3.1/../../../../arm-none-eabi/lib/thumb/v6-m/nofp\libc_nano.a(libc_a-stdio.o)
                              C:/setuplar/ST/STM32CubeIDE_1.12.0/STM32CubeIDE/plugins/com.st.stm32cube.ide.mcu.externaltools.gnu-tools-for-stm32.12.3.rel1.win32_1.0.200.202406191623/tools/bin/../lib/gcc/arm-none-eabi/12.3.1/../../../../arm-none-eabi/lib/thumb/v6-m/nofp\libc_nano.a(libc_a-findfp.o) (__sread)
C:/setuplar/ST/STM32CubeIDE_1.12.0/STM32CubeIDE/plugins/com.st.stm32cube.ide.mcu.externaltools.gnu-tools-for-stm32.12.3.rel1.win32_1.0.200.202406191623/tools/bin/../lib/gcc/arm-none-eabi/12.3.1/../../../../arm-none-eabi/lib/thumb/v6-m/nofp\libc_nano.a(libc_a-memset.o)
                              C:/setuplar/ST/STM32CubeIDE_1.12.0/STM32CubeIDE/plugins/com.st.stm32cube.ide.mcu.externaltools.gnu-tools-for-stm32.12.3.rel1.win32_1.0.200.202406191623/tools/bin/../lib/gcc/arm-none-eabi/12.3.1/../../../../arm-none-eabi/lib/thumb/v6-m/nofp/crt0.o (memset)
C:/setuplar/ST/STM32CubeIDE_1.12.0/STM32CubeIDE/plugins/com.st.stm32cube.ide.mcu.externaltools.gnu-tools-for-stm32.12.3.rel1.win32_1.0.200.202406191623/tools/bin/../lib/gcc/arm-none-eabi/12.3.1/../../../../arm-none-eabi/lib/thumb/v6-m/nofp\libc_nano.a(libc_a-closer.o)
                              C:/setuplar/ST/STM32CubeIDE_1.12.0/STM32CubeIDE/plugins/com.st.stm32cube.ide.mcu.externaltools.gnu-tools-for-stm32.12.3.rel1.win32_1.0.200.202406191623/tools/bin/../lib/gcc/arm-none-eabi/12.3.1/../../../../arm-none-eabi/lib/thumb/v6-m/nofp\libc_nano.a(libc_a-stdio.o) (_close_r)
C:/setuplar/ST/STM32CubeIDE_1.12.0/STM32CubeIDE/plugins/com.st.stm32cube.ide.mcu.externaltools.gnu-tools-for-stm32.12.3.rel1.win32_1.0.200.202406191623/tools/bin/../lib/gcc/arm-none-eabi/12.3.1/../../../../arm-none-eabi/lib/thumb/v6-m/nofp\libc_nano.a(libc_a-reent.o)
                              C:/setuplar/ST/STM32CubeIDE_1.12.0/STM32CubeIDE/plugins/com.st.stm32cube.ide.mcu.externaltools.gnu-tools-for-stm32.12.3.rel1.win32_1.0.200.202406191623/tools/bin/../lib/gcc/arm-none-eabi/12.3.1/../../../../arm-none-eabi/lib/thumb/v6-m/nofp\libc_nano.a(libc_a-closer.o) (errno)
C:/setuplar/ST/STM32CubeIDE_1.12.0/STM32CubeIDE/plugins/com.st.stm32cube.ide.mcu.externaltools.gnu-tools-for-stm32.12.3.rel1.win32_1.0.200.202406191623/tools/bin/../lib/gcc/arm-none-eabi/12.3.1/../../../../arm-none-eabi/lib/thumb/v6-m/nofp\libc_nano.a(libc_a-impure.o)
                              C:/setuplar/ST/STM32CubeIDE_1.12.0/STM32CubeIDE/plugins/com.st.stm32cube.ide.mcu.externaltools.gnu-tools-for-stm32.12.3.rel1.win32_1.0.200.202406191623/tools/bin/../lib/gcc/arm-none-eabi/12.3.1/../../../../arm-none-eabi/lib/thumb/v6-m/nofp\libc_nano.a(libc_a-reent.o) (_impure_ptr)
C:/setuplar/ST/STM32CubeIDE_1.12.0/STM32CubeIDE/plugins/com.st.stm32cube.ide.mcu.externaltools.gnu-tools-for-stm32.12.3.rel1.win32_1.0.200.202406191623/tools/bin/../lib/gcc/arm-none-eabi/12.3.1/../../../../arm-none-eabi/lib/thumb/v6-m/nofp\libc_nano.a(libc_a-lseekr.o)
[...]
Memory Configuration

Name             Origin             Length             Attributes
RAM              0x20000000         0x00002000         xrw
FLASH            0x08000000         0x00010000         xr
*default*        0x00000000         0xffffffff

Linker script and memory map

LOAD C:/setuplar/ST/STM32CubeIDE_1.12.0/STM32CubeIDE/plugins/com.st.stm32cube.ide.mcu.externaltools.gnu-tools-for-stm32.12.3.rel1.win32_1.0.200.202406191623/tools/bin/../lib/gcc/arm-none-eabi/12.3.1/thumb/v6-m/nofp/crti.o
LOAD C:/setuplar/ST/STM32CubeIDE_1.12.0/STM32CubeIDE/plugins/com.st.stm32cube.ide.mcu.externaltools.gnu-tools-for-stm32.12.3.rel1.win32_1.0.200.202406191623/tools/bin/../lib/gcc/arm-none-eabi/12.3.1/thumb/v6-m/nofp/crtbegin.o
LOAD C:/setuplar/ST/STM32CubeIDE_1.12.0/STM32CubeIDE/plugins/com.st.stm32cube.ide.mcu.externaltools.gnu-tools-for-stm32.12.3.rel1.win32_1.0.200.202406191623/tools/bin/../lib/gcc/arm-none-eabi/12.3.1/../../../../arm-none-eabi/lib/thumb/v6-m/nofp/crt0.o
LOAD ./Core/Src/main.o
LOAD ./Core/Src/stm32f0xx_hal_msp.o
LOAD ./Core/Src/stm32f0xx_it.o
LOAD ./Core/Src/syscalls.o
LOAD ./Core/Src/sysmem.o
LOAD ./Core/Src/system_stm32f0xx.o
LOAD ./Core/Startup/startup_stm32f051r8tx.o
LOAD ./Drivers/STM32F0xx_HAL_Driver/Src/stm32f0xx_hal.o
LOAD ./Drivers/STM32F0xx_HAL_Driver/Src/stm32f0xx_hal_cortex.o
LOAD ./Drivers/STM32F0xx_HAL_Driver/Src/stm32f0xx_hal_dma.o
LOAD ./Drivers/STM32F0xx_HAL_Driver/Src/stm32f0xx_hal_exti.o
LOAD ./Drivers/STM32F0xx_HAL_Driver/Src/stm32f0xx_hal_flash.o
LOAD ./Drivers/STM32F0xx_HAL_Driver/Src/stm32f0xx_hal_flash_ex.o
LOAD ./Drivers/STM32F0xx_HAL_Driver/Src/stm32f0xx_hal_gpio.o
LOAD ./Drivers/STM32F0xx_HAL_Driver/Src/stm32f0xx_hal_i2c.o
LOAD ./Drivers/STM32F0xx_HAL_Driver/Src/stm32f0xx_hal_i2c_ex.o
LOAD ./Drivers/STM32F0xx_HAL_Driver/Src/stm32f0xx_hal_pwr.o
LOAD ./Drivers/STM32F0xx_HAL_Driver/Src/stm32f0xx_hal_pwr_ex.o
LOAD ./Drivers/STM32F0xx_HAL_Driver/Src/stm32f0xx_hal_rcc.o
LOAD ./Drivers/STM32F0xx_HAL_Driver/Src/stm32f0xx_hal_rcc_ex.o
LOAD ./Drivers/STM32F0xx_HAL_Driver/Src/stm32f0xx_hal_tim.o
LOAD ./Drivers/STM32F0xx_HAL_Driver/Src/stm32f0xx_hal_tim_ex.o
LOAD ./Drivers/STM32F0xx_HAL_Driver/Src/stm32f0xx_hal_uart.o
LOAD ./Drivers/STM32F0xx_HAL_Driver/Src/stm32f0xx_hal_uart_ex.o
LOAD ./Drivers/Sensor Driver/ds18b20.o
START GROUP
LOAD C:/setuplar/ST/STM32CubeIDE_1.12.0/STM32CubeIDE/plugins/com.st.stm32cube.ide.mcu.externaltools.gnu-tools-for-stm32.12.3.rel1.win32_1.0.200.202406191623/tools/bin/../lib/gcc/arm-none-eabi/12.3.1/../../../../arm-none-eabi/lib/thumb/v6-m/nofp\libc_nano.a
LOAD C:/setuplar/ST/STM32CubeIDE_1.12.0/STM32CubeIDE/plugins/com.st.stm32cube.ide.mcu.externaltools.gnu-tools-for-stm32.12.3.rel1.win32_1.0.200.202406191623/tools/bin/../lib/gcc/arm-none-eabi/12.3.1/../../../../arm-none-eabi/lib/thumb/v6-m/nofp\libm.a
END GROUP
START GROUP
LOAD C:/setuplar/ST/STM32CubeIDE_1.12.0/STM32CubeIDE/plugins/com.st.stm32cube.ide.mcu.externaltools.gnu-tools-for-stm32.12.3.rel1.win32_1.0.200.202406191623/tools/bin/../lib/gcc/arm-none-eabi/12.3.1/thumb/v6-m/nofp\libgcc.a
LOAD C:/setuplar/ST/STM32CubeIDE_1.12.0/STM32CubeIDE/plugins/com.st.stm32cube.ide.mcu.externaltools.gnu-tools-for-stm32.12.3.rel1.win32_1.0.200.202406191623/tools/bin/../lib/gcc/arm-none-eabi/12.3.1/../../../../arm-none-eabi/lib/thumb/v6-m/nofp\libc_nano.a
END GROUP
START GROUP
LOAD C:/setuplar/ST/STM32CubeIDE_1.12.0/STM32CubeIDE/plugins/com.st.stm32cube.ide.mcu.externaltools.gnu-tools-for-stm32.12.3.rel1.win32_1.0.200.202406191623/tools/bin/../lib/gcc/arm-none-eabi/12.3.1/thumb/v6-m/nofp\libgcc.a
LOAD C:/setuplar/ST/STM32CubeIDE_1.12.0/STM32CubeIDE/plugins/com.st.stm32cube.ide.mcu.externaltools.gnu-tools-for-stm32.12.3.rel1.win32_1.0.200.202406191623/tools/bin/../lib/gcc/arm-none-eabi/12.3.1/../../../../arm-none-eabi/lib/thumb/v6-m/nofp\libc_nano.a
LOAD C:/setuplar/ST/STM32CubeIDE_1.12.0/STM32CubeIDE/plugins/com.st.stm32cube.ide.mcu.externaltools.gnu-tools-for-stm32.12.3.rel1.win32_1.0.200.202406191623/tools/bin/../lib/gcc/arm-none-eabi/12.3.1/../../../../arm-none-eabi/lib/thumb/v6-m/nofp\libnosys.a
END GROUP
START GROUP
LOAD C:/setuplar/ST/STM32CubeIDE_1.12.0/STM32CubeIDE/plugins/com.st.stm32cube.ide.mcu.externaltools.gnu-tools-for-stm32.12.3.rel1.win32_1.0.200.202406191623/tools/bin/../lib/gcc/arm-none-eabi/12.3.1/thumb/v6-m/nofp\libgcc.a
LOAD C:/setuplar/ST/STM32CubeIDE_1.12.0/STM32CubeIDE/plugins/com.st.stm32cube.ide.mcu.externaltools.gnu-tools-for-stm32.12.3.rel1.win32_1.0.200.202406191623/tools/bin/../lib/gcc/arm-none-eabi/12.3.1/../../../../arm-none-eabi/lib/thumb/v6-m/nofp\libc_nano.a
LOAD C:/setuplar/ST/STM32CubeIDE_1.12.0/STM32CubeIDE/plugins/com.st.stm32cube.ide.mcu.externaltools.gnu-tools-for-stm32.12.3.rel1.win32_1.0.200.202406191623/tools/bin/../lib/gcc/arm-none-eabi/12.3.1/../../../../arm-none-eabi/lib/thumb/v6-m/nofp\libnosys.a
END GROUP
LOAD C:/setuplar/ST/STM32CubeIDE_1.12.0/STM32CubeIDE/plugins/com.st.stm32cube.ide.mcu.externaltools.gnu-tools-for-stm32.12.3.rel1.win32_1.0.200.202406191623/tools/bin/../lib/gcc/arm-none-eabi/12.3.1/thumb/v6-m/nofp/crtend.o
LOAD C:/setuplar/ST/STM32CubeIDE_1.12.0/STM32CubeIDE/plugins/com.st.stm32cube.ide.mcu.externaltools.gnu-tools-for-stm32.12.3.rel1.win32_1.0.200.202406191623/tools/bin/../lib/gcc/arm-none-eabi/12.3.1/thumb/v6-m/nofp/crtn.o
                0x20002000                        _estack = (ORIGIN (RAM) + LENGTH (RAM))
                0x00000200                        _Min_Heap_Size = 0x200
                0x00000400                        _Min_Stack_Size = 0x400

.isr_vector     0x08000000       0xc0
                0x08000000                        . = ALIGN (0x4)
 *(.isr_vector)
 .isr_vector    0x08000000       0xc0 ./Core/Startup/startup_stm32f051r8tx.o
                0x08000000                g_pfnVectors
                0x080000c0                        . = ALIGN (0x4)

.text           0x080000c0     0x2534
                0x080000c0                        . = ALIGN (0x4)
 *(.text)
 .text          0x080000c0       0x48 C:/setuplar/ST/STM32CubeIDE_1.12.0/STM32CubeIDE/plugins/com.st.stm32cube.ide.mcu.externaltools.gnu-tools-for-stm32.12.3.rel1.win32_1.0.200.202406191623/tools/bin/../lib/gcc/arm-none-eabi/12.3.1/thumb/v6-m/nofp/crtbegin.o
 .text          0x08000108      0x114 C:/setuplar/ST/STM32CubeIDE_1.12.0/STM32CubeIDE/plugins/com.st.stm32cube.ide.mcu.externaltools.gnu-tools-for-stm32.12.3.rel1.win32_1.0.200.202406191623/tools/bin/../lib/gcc/arm-none-eabi/12.3.1/thumb/v6-m/nofp\libgcc.a(_udivsi3.o)
                0x08000108                __aeabi_uidiv
                0x08000108                __udivsi3
                0x08000214                __aeabi_uidivmod
 .text          0x0800021c        0x4 C:/setuplar/ST/STM32CubeIDE_1.12.0/STM32CubeIDE/plugins/com.st.stm32cube.ide.mcu.externaltools.gnu-tools-for-stm32.12.3.rel1.win32_1.0.200.202406191623/tools/bin/../lib/gcc/arm-none-eabi/12.3.1/thumb/v6-m/nofp\libgcc.a(_dvmd_tls.o)
                0x0800021c                __aeabi_idiv0
                0x0800021c                __aeabi_ldiv0
 .text          0x08000220      0x240 C:/setuplar/ST/STM32CubeIDE_1.12.0/STM32CubeIDE/plugins/com.st.stm32cube.ide.mcu.externaltools.gnu-tools-for-stm32.12.3.rel1.win32_1.0.200.202406191623/tools/bin/../lib/gcc/arm-none-eabi/12.3.1/thumb/v6-m/nofp\libgcc.a(divsf3.o)
                0x08000220                __aeabi_fdiv
 .text          0x08000460       0x98 C:/setuplar/ST/STM32CubeIDE_1.12.0/STM32CubeIDE/plugins/com.st.stm32cube.ide.mcu.externaltools.gnu-tools-for-stm32.12.3.rel1.win32_1.0.200.202406191623/tools/bin/../lib/gcc/arm-none-eabi/12.3.1/thumb/v6-m/nofp\libgcc.a(floatsisf.o)
                0x08000460                __aeabi_i2f
 .text          0x080004f8       0x3c C:/setuplar/ST/STM32CubeIDE_1.12.0/STM32CubeIDE/plugins/com.st.stm32cube.ide.mcu.externaltools.gnu-tools-for-stm32.12.3.rel1.win32_1.0.200.202406191623/tools/bin/../lib/gcc/arm-none-eabi/12.3.1/thumb/v6-m/nofp\libgcc.a(_clzsi2.o)
                0x080004f8                __clzsi2
 *(.text*)
 .text.main     0x08000534       0x34 ./Core/Src/main.o
                0x08000534                main
 .text.SystemClock_Config
                0x08000568       0xc2 ./Core/Src/main.o
                0x08000568                SystemClock_Config
 *fill*         0x0800062a        0x2 
 .text.MX_USART1_UART_Init
                0x0800062c       0x60 ./Core/Src/main.o
 .text.MX_GPIO_Init
                0x0800068c       0xb8 ./Core/Src/main.o
 .text.Error_Handler
                0x08000744        0xc ./Core/Src/main.o
                0x08000744                Error_Handler
 .text.HAL_MspInit
                0x08000750       0x48 ./Core/Src/stm32f0xx_hal_msp.o
                0x08000750                HAL_MspInit
 .text.HAL_UART_MspInit
                0x08000798       0x9c ./Core/Src/stm32f0xx_hal_msp.o
                0x08000798                HAL_UART_MspInit
 .text.NMI_Handler
                0x08000834        0x8 ./Core/Src/stm32f0xx_it.o
                0x08000834                NMI_Handler
 .text.HardFault_Handler
                0x0800083c        0x8 ./Core/Src/stm32f0xx_it.o
                0x0800083c                HardFault_Handler
 .text.SVC_Handler
                0x08000844        0xa ./Core/Src/stm32f0xx_it.o
                0x08000844                SVC_Handler
 .text.PendSV_Handler
                0x0800084e        0xa ./Core/Src/stm32f0xx_it.o
                0x0800084e                PendSV_Handler
 .text.SysTick_Handler
                0x08000858        0xe ./Core/Src/stm32f0xx_it.o
                0x08000858                SysTick_Handler
 .text.SystemInit
                0x08000866        0xa ./Core/Src/system_stm32f0xx.o
                0x08000866                SystemInit
 .text.Reset_Handler
                0x08000870       0x50 ./Core/Startup/startup_stm32f051r8tx.o
                0x08000870                Reset_Handler
 .text.Default_Handler
                0x080008c0        0x2 ./Core/Startup/startup_stm32f051r8tx.o
                0x080008c0                TIM1_CC_IRQHandler
                0x080008c0                TSC_IRQHandler
                0x080008c0                ADC1_COMP_IRQHandler
                0x080008c0                PVD_IRQHandler
                0x080008c0                I2C1_IRQHandler
                0x080008c0                RCC_CRS_IRQHandler
                0x080008c0                SPI1_IRQHandler
                0x080008c0                TIM6_DAC_IRQHandler
                0x080008c0                EXTI2_3_IRQHandler
                0x080008c0                I2C2_IRQHandler
                0x080008c0                TIM17_IRQHandler
                0x080008c0                CEC_CAN_IRQHandler
                0x080008c0                RTC_IRQHandler
                0x080008c0                TIM16_IRQHandler
                0x080008c0                TIM3_IRQHandler
                0x080008c0                EXTI4_15_IRQHandler
                0x080008c0                DMA1_Channel1_IRQHandler
                0x080008c0                Default_Handler
                0x080008c0                TIM14_IRQHandler
                0x080008c0                DMA1_Channel4_5_IRQHandler
                0x080008c0                TIM15_IRQHandler
                0x080008c0                EXTI0_1_IRQHandler
                0x080008c0                SPI2_IRQHandler
                0x080008c0                WWDG_IRQHandler
                0x080008c0                TIM2_IRQHandler
                0x080008c0                DMA1_Channel2_3_IRQHandler
                0x080008c0                USART2_IRQHandler
                0x080008c0                FLASH_IRQHandler
                0x080008c0                USART1_IRQHandler
                0x080008c0                TIM1_BRK_UP_TRG_COM_IRQHandler
 *fill*         0x080008c2        0x2 
 .text.HAL_Init
                0x080008c4       0x28 ./Drivers/STM32F0xx_HAL_Driver/Src/stm32f0xx_hal.o
                0x080008c4                HAL_Init
 .text.HAL_InitTick
                0x080008ec       0x68 ./Drivers/STM32F0xx_HAL_Driver/Src/stm32f0xx_hal.o
                0x080008ec                HAL_InitTick
 .text.HAL_IncTick
                0x08000954       0x24 ./Drivers/STM32F0xx_HAL_Driver/Src/stm32f0xx_hal.o
                0x08000954                HAL_IncTick
 .text.HAL_GetTick
                0x08000978       0x14 ./Drivers/STM32F0xx_HAL_Driver/Src/stm32f0xx_hal.o
                0x08000978                HAL_GetTick
 .text.HAL_Delay
                0x0800098c       0x48 ./Drivers/STM32F0xx_HAL_Driver/Src/stm32f0xx_hal.o
                0x0800098c                HAL_Delay
 .text.__NVIC_SetPriority
                0x080009d4       0xdc ./Drivers/STM32F0xx_HAL_Driver/Src/stm32f0xx_hal_cortex.o
 .text.SysTick_Config
                0x08000ab0       0x48 ./Drivers/STM32F0xx_HAL_Driver/Src/stm32f0xx_hal_cortex.o
 .text.HAL_NVIC_SetPriority
                0x08000af8       0x2a ./Drivers/STM32F0xx_HAL_Driver/Src/stm32f0xx_hal_cortex.o
                0x08000af8                HAL_NVIC_SetPriority
 .text.HAL_SYSTICK_Config
                0x08000b22       0x1a ./Drivers/STM32F0xx_HAL_Driver/Src/stm32f0xx_hal_cortex.o
                0x08000b22                HAL_SYSTICK_Config
 .text.HAL_GPIO_Init
                0x08000b3c      0x2e0 ./Drivers/STM32F0xx_HAL_Driver/Src/stm32f0xx_hal_gpio.o
                0x08000b3c                HAL_GPIO_Init
 .text.HAL_GPIO_WritePin
                0x08000e1c       0x3a ./Drivers/STM32F0xx_HAL_Driver/Src/stm32f0xx_hal_gpio.o
                0x08000e1c                HAL_GPIO_WritePin
 *fill*         0x08000e56        0x2 
 .text.HAL_RCC_OscConfig
                0x08000e58      0x634 ./Drivers/STM32F0xx_HAL_Driver/Src/stm32f0xx_hal_rcc.o
                0x08000e58                HAL_RCC_OscConfig
 .text.HAL_RCC_ClockConfig
                0x0800148c      0x19c ./Drivers/STM32F0xx_HAL_Driver/Src/stm32f0xx_hal_rcc.o
                0x0800148c                HAL_RCC_ClockConfig
 .text.HAL_RCC_GetSysClockFreq
                0x08001628       0xac ./Drivers/STM32F0xx_HAL_Driver/Src/stm32f0xx_hal_rcc.o
                0x08001628                HAL_RCC_GetSysClockFreq
 .text.HAL_RCC_GetHCLKFreq
                0x080016d4       0x14 ./Drivers/STM32F0xx_HAL_Driver/Src/stm32f0xx_hal_rcc.o
                0x080016d4                HAL_RCC_GetHCLKFreq
 .text.HAL_RCC_GetPCLK1Freq
                0x080016e8       0x2c ./Drivers/STM32F0xx_HAL_Driver/Src/stm32f0xx_hal_rcc.o
                0x080016e8                HAL_RCC_GetPCLK1Freq
 .text.HAL_RCCEx_PeriphCLKConfig
                0x08001714      0x1bc ./Drivers/STM32F0xx_HAL_Driver/Src/stm32f0xx_hal_rcc_ex.o
                0x08001714                HAL_RCCEx_PeriphCLKConfig
 .text.HAL_HalfDuplex_Init
                0x080018d0       0xb8 ./Drivers/STM32F0xx_HAL_Driver/Src/stm32f0xx_hal_uart.o
                0x080018d0                HAL_HalfDuplex_Init
 .text.HAL_UART_Transmit
                0x08001988      0x13e ./Drivers/STM32F0xx_HAL_Driver/Src/stm32f0xx_hal_uart.o
                0x08001988                HAL_UART_Transmit
 *fill*         0x08001ac6        0x2 
 .text.HAL_UART_Receive
                0x08001ac8      0x1a8 ./Drivers/STM32F0xx_HAL_Driver/Src/stm32f0xx_hal_uart.o
                0x08001ac8                HAL_UART_Receive
 .text.UART_SetConfig
                0x08001c70      0x280 ./Drivers/STM32F0xx_HAL_Driver/Src/stm32f0xx_hal_uart.o
                0x08001c70                UART_SetConfig
 .text.UART_AdvFeatureConfig
                0x08001ef0      0x168 ./Drivers/STM32F0xx_HAL_Driver/Src/stm32f0xx_hal_uart.o
                0x08001ef0                UART_AdvFeatureConfig
 .text.UART_CheckIdleState
                0x08002058      0x150 ./Drivers/STM32F0xx_HAL_Driver/Src/stm32f0xx_hal_uart.o
                0x08002058                UART_CheckIdleState
 .text.UART_WaitOnFlagUntilTimeout
                0x080021a8       0xde ./Drivers/STM32F0xx_HAL_Driver/Src/stm32f0xx_hal_uart.o
                0x080021a8                UART_WaitOnFlagUntilTimeout
 *fill*         0x08002286        0x2 
 .text.UART_EndRxTransfer
                0x08002288       0xc8 ./Drivers/STM32F0xx_HAL_Driver/Src/stm32f0xx_hal_uart.o
 .text.DS18B20_Init
                0x08002350       0x58 ./Drivers/Sensor Driver/ds18b20.o
                0x08002350                DS18B20_Init
 .text.DS18B20_ReadBit
                0x080023a8       0x3c ./Drivers/Sensor Driver/ds18b20.o
                0x080023a8                DS18B20_ReadBit
 .text.DS18B20_ReadByte
                0x080023e4       0x52 ./Drivers/Sensor Driver/ds18b20.o
                0x080023e4                DS18B20_ReadByte
 *fill*         0x08002436        0x2 
 .text.DS18B20_WriteByte
                0x08002438       0x64 ./Drivers/Sensor Driver/ds18b20.o
                0x08002438                DS18B20_WriteByte
 .text.DS18B20_SampleTemp
                0x0800249c       0x1a ./Drivers/Sensor Driver/ds18b20.o
                0x0800249c                DS18B20_SampleTemp
 .text.DS18B20_ReadTemp
                0x080024b6       0x6a ./Drivers/Sensor Driver/ds18b20.o
                0x080024b6                DS18B20_ReadTemp
 .text.uart_initt
                0x08002520       0x64 ./Drivers/Sensor Driver/ds18b20.o
                0x08002520                uart_initt
 .text.memset   0x08002584       0x10 C:/setuplar/ST/STM32CubeIDE_1.12.0/STM32CubeIDE/plugins/com.st.stm32cube.ide.mcu.externaltools.gnu-tools-for-stm32.12.3.rel1.win32_1.0.200.202406191623/tools/bin/../lib/gcc/arm-none-eabi/12.3.1/../../../../arm-none-eabi/lib/thumb/v6-m/nofp\libc_nano.a(libc_a-memset.o)
                0x08002584                memset
 .text.__libc_init_array
                0x08002594       0x48 C:/setuplar/ST/STM32CubeIDE_1.12.0/STM32CubeIDE/plugins/com.st.stm32cube.ide.mcu.externaltools.gnu-tools-for-stm32.12.3.rel1.win32_1.0.200.202406191623/tools/bin/../lib/gcc/arm-none-eabi/12.3.1/../../../../arm-none-eabi/lib/thumb/v6-m/nofp\libc_nano.a(libc_a-init.o)
                0x08002594                __libc_init_array
 *(.glue_7)
 .glue_7        0x080025dc        0x0 linker stubs
 *(.glue_7t)
 .glue_7t       0x080025dc        0x0 linker stubs
 *(.eh_frame)
 .eh_frame      0x080025dc        0x0 C:/setuplar/ST/STM32CubeIDE_1.12.0/STM32CubeIDE/plugins/com.st.stm32cube.ide.mcu.externaltools.gnu-tools-for-stm32.12.3.rel1.win32_1.0.200.202406191623/tools/bin/../lib/gcc/arm-none-eabi/12.3.1/thumb/v6-m/nofp/crtbegin.o
 *(.init)
 .init          0x080025dc        0x4 C:/setuplar/ST/STM32CubeIDE_1.12.0/STM32CubeIDE/plugins/com.st.stm32cube.ide.mcu.externaltools.gnu-tools-for-stm32.12.3.rel1.win32_1.0.200.202406191623/tools/bin/../lib/gcc/arm-none-eabi/12.3.1/thumb/v6-m/nofp/crti.o
                0x080025dc                _init
 .init          0x080025e0        0x8 C:/setuplar/ST/STM32CubeIDE_1.12.0/STM32CubeIDE/plugins/com.st.stm32cube.ide.mcu.externaltools.gnu-tools-for-stm32.12.3.rel1.win32_1.0.200.202406191623/tools/bin/../lib/gcc/arm-none-eabi/12.3.1/thumb/v6-m/nofp/crtn.o
 *(.fini)
 .fini          0x080025e8        0x4 C:/setuplar/ST/STM32CubeIDE_1.12.0/STM32CubeIDE/plugins/com.st.stm32cube.ide.mcu.externaltools.gnu-tools-for-stm32.12.3.rel1.win32_1.0.200.202406191623/tools/bin/../lib/gcc/arm-none-eabi/12.3.1/thumb/v6-m/nofp/crti.o
                0x080025e8                _fini
 .fini          0x080025ec        0x8 C:/setuplar/ST/STM32CubeIDE_1.12.0/STM32CubeIDE/plugins/com.st.stm32cube.ide.mcu.externaltools.gnu-tools-for-stm32.12.3.rel1.win32_1.0.200.202406191623/tools/bin/../lib/gcc/arm-none-eabi/12.3.1/thumb/v6-m/nofp/crtn.o
                0x080025f4                        . = ALIGN (0x4)
                0x080025f4                        _etext = .

.vfp11_veneer   0x080025f4        0x0
 .vfp11_veneer  0x080025f4        0x0 linker stubs

.v4_bx          0x080025f4        0x0
 .v4_bx         0x080025f4        0x0 linker stubs

.iplt           0x080025f4        0x0
 .iplt          0x080025f4        0x0 C:/setuplar/ST/STM32CubeIDE_1.12.0/STM32CubeIDE/plugins/com.st.stm32cube.ide.mcu.externaltools.gnu-tools-for-stm32.12.3.rel1.win32_1.0.200.202406191623/tools/bin/../lib/gcc/arm-none-eabi/12.3.1/thumb/v6-m/nofp/crtbegin.o

.rodata         0x080025f4       0xb4
                0x080025f4                        . = ALIGN (0x4)
 *(.rodata)
 .rodata        0x080025f4       0x7c C:/setuplar/ST/STM32CubeIDE_1.12.0/STM32CubeIDE/plugins/com.st.stm32cube.ide.mcu.externaltools.gnu-tools-for-stm32.12.3.rel1.win32_1.0.200.202406191623/tools/bin/../lib/gcc/arm-none-eabi/12.3.1/thumb/v6-m/nofp\libgcc.a(divsf3.o)
 *(.rodata*)
 .rodata.AHBPrescTable
                0x08002670       0x10 ./Core/Src/system_stm32f0xx.o
                0x08002670                AHBPrescTable
 .rodata.APBPrescTable
                0x08002680        0x8 ./Core/Src/system_stm32f0xx.o
                0x08002680                APBPrescTable
 .rodata.aPLLMULFactorTable.1
                0x08002688       0x10 ./Drivers/STM32F0xx_HAL_Driver/Src/stm32f0xx_hal_rcc.o
 .rodata.aPredivFactorTable.0
                0x08002698       0x10 ./Drivers/STM32F0xx_HAL_Driver/Src/stm32f0xx_hal_rcc.o
                0x080026a8                        . = ALIGN (0x4)

.ARM.extab      0x080026a8        0x0
                0x080026a8                        . = ALIGN (0x4)
 *(.ARM.extab* .gnu.linkonce.armextab.*)
                0x080026a8                        . = ALIGN (0x4)

.ARM            0x080026a8        0x0
                0x080026a8                        . = ALIGN (0x4)
                0x080026a8                        __exidx_start = .
 *(.ARM.exidx*)
                0x080026a8                        __exidx_end = .
                0x080026a8                        . = ALIGN (0x4)

.preinit_array  0x080026a8        0x0
                0x080026a8                        . = ALIGN (0x4)
                0x080026a8                        PROVIDE (__preinit_array_start = .)
 *(.preinit_array*)
                0x080026a8                        PROVIDE (__preinit_array_end = .)
                0x080026a8                        . = ALIGN (0x4)

.init_array     0x080026a8        0x4
                0x080026a8                        . = ALIGN (0x4)
                0x080026a8                        PROVIDE (__init_array_start = .)
 *(SORT_BY_NAME(.init_array.*))
 *(.init_array*)
 .init_array    0x080026a8        0x4 C:/setuplar/ST/STM32CubeIDE_1.12.0/STM32CubeIDE/plugins/com.st.stm32cube.ide.mcu.externaltools.gnu-tools-for-stm32.12.3.rel1.win32_1.0.200.202406191623/tools/bin/../lib/gcc/arm-none-eabi/12.3.1/thumb/v6-m/nofp/crtbegin.o
                0x080026ac                        PROVIDE (__init_array_end = .)
                0x080026ac                        . = ALIGN (0x4)

.fini_array     0x080026ac        0x4
                0x080026ac                        . = ALIGN (0x4)
                [!provide]                        PROVIDE (__fini_array_start = .)
 *(SORT_BY_NAME(.fini_array.*))
 *(.fini_array*)
 .fini_array    0x080026ac        0x4 C:/setuplar/ST/STM32CubeIDE_1.12.0/STM32CubeIDE/plugins/com.st.stm32cube.ide.mcu.externaltools.gnu-tools-for-stm32.12.3.rel1.win32_1.0.200.202406191623/tools/bin/../lib/gcc/arm-none-eabi/12.3.1/thumb/v6-m/nofp/crtbegin.o
                [!provide]                        PROVIDE (__fini_array_end = .)
                0x080026b0                        . = ALIGN (0x4)
                0x080026b0                        _sidata = LOADADDR (.data)

.rel.dyn        0x080026b0        0x0
 .rel.iplt      0x080026b0        0x0 C:/setuplar/ST/STM32CubeIDE_1.12.0/STM32CubeIDE/plugins/com.st.stm32cube.ide.mcu.externaltools.gnu-tools-for-stm32.12.3.rel1.win32_1.0.200.202406191623/tools/bin/../lib/gcc/arm-none-eabi/12.3.1/thumb/v6-m/nofp/crtbegin.o

.data           0x20000000        0xc load address 0x080026b0
                0x20000000                        . = ALIGN (0x4)
                0x20000000                        _sdata = .
 *(.data)
 *(.data*)
 .data.SystemCoreClock
                0x20000000        0x4 ./Core/Src/system_stm32f0xx.o
                0x20000000                SystemCoreClock
 .data.uwTickPrio
                0x20000004        0x4 ./Drivers/STM32F0xx_HAL_Driver/Src/stm32f0xx_hal.o
                0x20000004                uwTickPrio
 .data.uwTickFreq
                0x20000008        0x1 ./Drivers/STM32F0xx_HAL_Driver/Src/stm32f0xx_hal.o
                0x20000008                uwTickFreq
 *(.RamFunc)
 *(.RamFunc*)
                0x2000000c                        . = ALIGN (0x4)
 *fill*         0x20000009        0x3 
                0x2000000c                        _edata = .

.igot.plt       0x2000000c        0x0 load address 0x080026bc
 .igot.plt      0x2000000c        0x0 C:/setuplar/ST/STM32CubeIDE_1.12.0/STM32CubeIDE/plugins/com.st.stm32cube.ide.mcu.externaltools.gnu-tools-for-stm32.12.3.rel1.win32_1.0.200.202406191623/tools/bin/../lib/gcc/arm-none-eabi/12.3.1/thumb/v6-m/nofp/crtbegin.o
                0x2000000c                        . = ALIGN (0x4)

.bss            0x2000000c       0xac load address 0x080026bc
                0x2000000c                        _sbss = .
                0x2000000c                        __bss_start__ = _sbss
 *(.bss)
 .bss           0x2000000c       0x1c C:/setuplar/ST/STM32CubeIDE_1.12.0/STM32CubeIDE/plugins/com.st.stm32cube.ide.mcu.externaltools.gnu-tools-for-stm32.12.3.rel1.win32_1.0.200.202406191623/tools/bin/../lib/gcc/arm-none-eabi/12.3.1/thumb/v6-m/nofp/crtbegin.o
 *(.bss*)
 .bss.huart1    0x20000028       0x88 ./Core/Src/main.o
                0x20000028                huart1
 .bss.DS18B20_Temp
                0x200000b0        0x4 ./Core/Src/main.o
                0x200000b0                DS18B20_Temp
 .bss.uwTick    0x200000b4        0x4 ./Drivers/STM32F0xx_HAL_Driver/Src/stm32f0xx_hal.o
                0x200000b4                uwTick
 *(COMMON)
                0x200000b8                        . = ALIGN (0x4)
                0x200000b8                        _ebss = .
                0x200000b8                        __bss_end__ = _ebss

._user_heap_stack
                0x200000b8      0x600 load address 0x080026bc
                0x200000b8                        . = ALIGN (0x8)
                [!provide]                        PROVIDE (end = .)
                0x200000b8                        PROVIDE (_end = .)
                0x200002b8                        . = (. + _Min_Heap_Size)
 *fill*         0x200000b8      0x200 
                0x200006b8                        . = (. + _Min_Stack_Size)
 *fill*         0x200002b8      0x400 
                0x200006b8                        . = ALIGN (0x8)

/DISCARD/
 libc.a(*)
 libm.a(*)
 libgcc.a(*)

.ARM.attributes
                0x00000000       0x28
 *(.ARM.attributes)
 .ARM.attributes
                0x00000000       0x1e C:/setuplar/ST/STM32CubeIDE_1.12.0/STM32CubeIDE/plugins/com.st.stm32cube.ide.mcu.externaltools.gnu-tools-for-stm32.12.3.rel1.win32_1.0.200.202406191623/tools/bin/../lib/gcc/arm-none-eabi/12.3.1/thumb/v6-m/nofp/crti.o
 .ARM.attributes
                0x0000001e       0x2c C:/setuplar/ST/STM32CubeIDE_1.12.0/STM32CubeIDE/plugins/com.st.stm32cube.ide.mcu.externaltools.gnu-tools-for-stm32.12.3.rel1.win32_1.0.200.202406191623/tools/bin/../lib/gcc/arm-none-eabi/12.3.1/thumb/v6-m/nofp/crtbegin.o
 .ARM.attributes
                0x0000004a       0x2c ./Core/Src/main.o
 .ARM.attributes
                0x00000076       0x2c ./Core/Src/stm32f0xx_hal_msp.o
 .ARM.attributes
                0x000000a2       0x2c ./Core/Src/stm32f0xx_it.o
 .ARM.attributes
                0x000000ce       0x2c ./Core/Src/system_stm32f0xx.o
 .ARM.attributes
                0x000000fa       0x21 ./Core/Startup/startup_stm32f051r8tx.o
 .ARM.attributes
                0x0000011b       0x2c ./Drivers/STM32F0xx_HAL_Driver/Src/stm32f0xx_hal.o
 .ARM.attributes
                0x00000147       0x2c ./Drivers/STM32F0xx_HAL_Driver/Src/stm32f0xx_hal_cortex.o
 .ARM.attributes
                0x00000173       0x2c ./Drivers/STM32F0xx_HAL_Driver/Src/stm32f0xx_hal_gpio.o
 .ARM.attributes
                0x0000019f       0x2c ./Drivers/STM32F0xx_HAL_Driver/Src/stm32f0xx_hal_rcc.o
 .ARM.attributes
                0x000001cb       0x2c ./Drivers/STM32F0xx_HAL_Driver/Src/stm32f0xx_hal_rcc_ex.o
 .ARM.attributes
                0x000001f7       0x2c ./Drivers/STM32F0xx_HAL_Driver/Src/stm32f0xx_hal_uart.o
 .ARM.attributes
                0x00000223       0x2c ./Drivers/Sensor Driver/ds18b20.o
 .ARM.attributes
                0x0000024f       0x2c C:/setuplar/ST/STM32CubeIDE_1.12.0/STM32CubeIDE/plugins/com.st.stm32cube.ide.mcu.externaltools.gnu-tools-for-stm32.12.3.rel1.win32_1.0.200.202406191623/tools/bin/../lib/gcc/arm-none-eabi/12.3.1/../../../../arm-none-eabi/lib/thumb/v6-m/nofp\libc_nano.a(libc_a-memset.o)
 .ARM.attributes
                0x0000027b       0x2c C:/setuplar/ST/STM32CubeIDE_1.12.0/STM32CubeIDE/plugins/com.st.stm32cube.ide.mcu.externaltools.gnu-tools-for-stm32.12.3.rel1.win32_1.0.200.202406191623/tools/bin/../lib/gcc/arm-none-eabi/12.3.1/../../../../arm-none-eabi/lib/thumb/v6-m/nofp\libc_nano.a(libc_a-init.o)
 .ARM.attributes
                0x000002a7       0x1e C:/setuplar/ST/STM32CubeIDE_1.12.0/STM32CubeIDE/plugins/com.st.stm32cube.ide.mcu.externaltools.gnu-tools-for-stm32.12.3.rel1.win32_1.0.200.202406191623/tools/bin/../lib/gcc/arm-none-eabi/12.3.1/thumb/v6-m/nofp\libgcc.a(_udivsi3.o)
 .ARM.attributes
                0x000002c5       0x1e C:/setuplar/ST/STM32CubeIDE_1.12.0/STM32CubeIDE/plugins/com.st.stm32cube.ide.mcu.externaltools.gnu-tools-for-stm32.12.3.rel1.win32_1.0.200.202406191623/tools/bin/../lib/gcc/arm-none-eabi/12.3.1/thumb/v6-m/nofp\libgcc.a(_dvmd_tls.o)
 .ARM.attributes
                0x000002e3       0x2c C:/setuplar/ST/STM32CubeIDE_1.12.0/STM32CubeIDE/plugins/com.st.stm32cube.ide.mcu.externaltools.gnu-tools-for-stm32.12.3.rel1.win32_1.0.200.202406191623/tools/bin/../lib/gcc/arm-none-eabi/12.3.1/thumb/v6-m/nofp\libgcc.a(divsf3.o)
 .ARM.attributes
                0x0000030f       0x2c C:/setuplar/ST/STM32CubeIDE_1.12.0/STM32CubeIDE/plugins/com.st.stm32cube.ide.mcu.externaltools.gnu-tools-for-stm32.12.3.rel1.win32_1.0.200.202406191623/tools/bin/../lib/gcc/arm-none-eabi/12.3.1/thumb/v6-m/nofp\libgcc.a(floatsisf.o)
 .ARM.attributes
                0x0000033b       0x1e C:/setuplar/ST/STM32CubeIDE_1.12.0/STM32CubeIDE/plugins/com.st.stm32cube.ide.mcu.externaltools.gnu-tools-for-stm32.12.3.rel1.win32_1.0.200.202406191623/tools/bin/../lib/gcc/arm-none-eabi/12.3.1/thumb/v6-m/nofp\libgcc.a(_clzsi2.o)
 .ARM.attributes
                0x00000359       0x1e C:/setuplar/ST/STM32CubeIDE_1.12.0/STM32CubeIDE/plugins/com.st.stm32cube.ide.mcu.externaltools.gnu-tools-for-stm32.12.3.rel1.win32_1.0.200.202406191623/tools/bin/../lib/gcc/arm-none-eabi/12.3.1/thumb/v6-m/nofp/crtn.o
OUTPUT(DS18B20_demo2.elf elf32-littlearm)
LOAD linker stubs
LOAD C:/setuplar/ST/STM32CubeIDE_1.12.0/STM32CubeIDE/plugins/com.st.stm32cube.ide.mcu.externaltools.gnu-tools-for-stm32.12.3.rel1.win32_1.0.200.202406191623/tools/bin/../lib/gcc/arm-none-eabi/12.3.1/../../../../arm-none-eabi/lib/thumb/v6-m/nofp\libc.a
LOAD C:/setuplar/ST/STM32CubeIDE_1.12.0/STM32CubeIDE/plugins/com.st.stm32cube.ide.mcu.externaltools.gnu-tools-for-stm32.12.3.rel1.win32_1.0.200.202406191623/tools/bin/../lib/gcc/arm-none-eabi/12.3.1/../../../../arm-none-eabi/lib/thumb/v6-m/nofp\libm.a
LOAD C:/setuplar/ST/STM32CubeIDE_1.12.0/STM32CubeIDE/plugins/com.st.stm32cube.ide.mcu.externaltools.gnu-tools-for-stm32.12.3.rel1.win32_1.0.200.202406191623/tools/bin/../lib/gcc/arm-none-eabi/12.3.1/thumb/v6-m/nofp\libgcc.a

.debug_info     0x00000000     0x79df
 .debug_info    0x00000000      0xbf3 ./Core/Src/main.o
 .debug_info    0x00000bf3      0x8f3 ./Core/Src/stm32f0xx_hal_msp.o
 .debug_info    0x000014e6       0xd3 ./Core/Src/stm32f0xx_it.o
 .debug_info    0x000015b9      0x242 ./Core/Src/system_stm32f0xx.o
 .debug_info    0x000017fb       0x30 ./Core/Startup/startup_stm32f051r8tx.o
 .debug_info    0x0000182b      0x6a9 ./Drivers/STM32F0xx_HAL_Driver/Src/stm32f0xx_hal.o
 .debug_info    0x00001ed4      0x6b3 ./Drivers/STM32F0xx_HAL_Driver/Src/stm32f0xx_hal_cortex.o
 .debug_info    0x00002587      0x5b4 ./Drivers/STM32F0xx_HAL_Driver/Src/stm32f0xx_hal_gpio.o
 .debug_info    0x00002b3b      0x833 ./Drivers/STM32F0xx_HAL_Driver/Src/stm32f0xx_hal_rcc.o
 .debug_info    0x0000336e      0x36b ./Drivers/STM32F0xx_HAL_Driver/Src/stm32f0xx_hal_rcc_ex.o
 .debug_info    0x000036d9     0x3a9e ./Drivers/STM32F0xx_HAL_Driver/Src/stm32f0xx_hal_uart.o
 .debug_info    0x00007177      0x868 ./Drivers/Sensor Driver/ds18b20.o

.debug_abbrev   0x00000000     0x153e
 .debug_abbrev  0x00000000      0x268 ./Core/Src/main.o
 .debug_abbrev  0x00000268      0x1ab ./Core/Src/stm32f0xx_hal_msp.o
 .debug_abbrev  0x00000413       0x73 ./Core/Src/stm32f0xx_it.o
 .debug_abbrev  0x00000486      0x11c ./Core/Src/system_stm32f0xx.o
 .debug_abbrev  0x000005a2       0x24 ./Core/Startup/startup_stm32f051r8tx.o
 .debug_abbrev  0x000005c6      0x247 ./Drivers/STM32F0xx_HAL_Driver/Src/stm32f0xx_hal.o
 .debug_abbrev  0x0000080d      0x28c ./Drivers/STM32F0xx_HAL_Driver/Src/stm32f0xx_hal_cortex.o
 .debug_abbrev  0x00000a99      0x1ca ./Drivers/STM32F0xx_HAL_Driver/Src/stm32f0xx_hal_gpio.o
 .debug_abbrev  0x00000c63      0x28c ./Drivers/STM32F0xx_HAL_Driver/Src/stm32f0xx_hal_rcc.o
 .debug_abbrev  0x00000eef      0x16f ./Drivers/STM32F0xx_HAL_Driver/Src/stm32f0xx_hal_rcc_ex.o
 .debug_abbrev  0x0000105e      0x2e1 ./Drivers/STM32F0xx_HAL_Driver/Src/stm32f0xx_hal_uart.o
 .debug_abbrev  0x0000133f      0x1ff ./Drivers/Sensor Driver/ds18b20.o

.debug_aranges  0x00000000      0x610
 .debug_aranges
                0x00000000       0x40 ./Core/Src/main.o
 .debug_aranges
                0x00000040       0x30 ./Core/Src/stm32f0xx_hal_msp.o
 .debug_aranges
                0x00000070       0x40 ./Core/Src/stm32f0xx_it.o
 .debug_aranges
                0x000000b0       0x28 ./Core/Src/system_stm32f0xx.o
 .debug_aranges
                0x000000d8       0x28 ./Core/Startup/startup_stm32f051r8tx.o
 .debug_aranges
                0x00000100       0xd0 ./Drivers/STM32F0xx_HAL_Driver/Src/stm32f0xx_hal.o
 .debug_aranges
                0x000001d0       0xc0 ./Drivers/STM32F0xx_HAL_Driver/Src/stm32f0xx_hal_cortex.o
 .debug_aranges
                0x00000290       0x58 ./Drivers/STM32F0xx_HAL_Driver/Src/stm32f0xx_hal_gpio.o
 .debug_aranges
                0x000002e8       0x80 ./Drivers/STM32F0xx_HAL_Driver/Src/stm32f0xx_hal_rcc.o
 .debug_aranges
                0x00000368       0x30 ./Drivers/STM32F0xx_HAL_Driver/Src/stm32f0xx_hal_rcc_ex.o
 .debug_aranges
                0x00000398      0x228 ./Drivers/STM32F0xx_HAL_Driver/Src/stm32f0xx_hal_uart.o
 .debug_aranges
                0x000005c0       0x50 ./Drivers/Sensor Driver/ds18b20.o

.debug_rnglists
                0x00000000      0x4a0
 .debug_rnglists
                0x00000000       0x2d ./Core/Src/main.o
 .debug_rnglists
                0x0000002d       0x20 ./Core/Src/stm32f0xx_hal_msp.o
 .debug_rnglists
                0x0000004d       0x2b ./Core/Src/stm32f0xx_it.o
 .debug_rnglists
                0x00000078       0x1a ./Core/Src/system_stm32f0xx.o
 .debug_rnglists
                0x00000092       0x19 ./Core/Startup/startup_stm32f051r8tx.o
 .debug_rnglists
                0x000000ab       0x97 ./Drivers/STM32F0xx_HAL_Driver/Src/stm32f0xx_hal.o
 .debug_rnglists
                0x00000142       0x8c ./Drivers/STM32F0xx_HAL_Driver/Src/stm32f0xx_hal_cortex.o
 .debug_rnglists
                0x000001ce       0x3f ./Drivers/STM32F0xx_HAL_Driver/Src/stm32f0xx_hal_gpio.o
 .debug_rnglists
                0x0000020d       0x60 ./Drivers/STM32F0xx_HAL_Driver/Src/stm32f0xx_hal_rcc.o
 .debug_rnglists
                0x0000026d       0x21 ./Drivers/STM32F0xx_HAL_Driver/Src/stm32f0xx_hal_rcc_ex.o
 .debug_rnglists
                0x0000028e      0x1db ./Drivers/STM32F0xx_HAL_Driver/Src/stm32f0xx_hal_uart.o
 .debug_rnglists
                0x00000469       0x37 ./Drivers/Sensor Driver/ds18b20.o

.debug_macro    0x00000000    0x119ca
 .debug_macro   0x00000000      0x2a7 ./Core/Src/main.o
 .debug_macro   0x000002a7      0xa8a ./Core/Src/main.o
 .debug_macro   0x00000d31      0x12d ./Core/Src/main.o
 .debug_macro   0x00000e5e       0x2e ./Core/Src/main.o
 .debug_macro   0x00000e8c       0x22 ./Core/Src/main.o
 .debug_macro   0x00000eae       0x22 ./Core/Src/main.o
 .debug_macro   0x00000ed0       0x8e ./Core/Src/main.o
 .debug_macro   0x00000f5e       0x51 ./Core/Src/main.o
 .debug_macro   0x00000faf      0x103 ./Core/Src/main.o
 .debug_macro   0x000010b2       0x6a ./Core/Src/main.o
 .debug_macro   0x0000111c      0x1df ./Core/Src/main.o
 .debug_macro   0x000012fb       0x1c ./Core/Src/main.o
 .debug_macro   0x00001317       0x22 ./Core/Src/main.o
 .debug_macro   0x00001339       0xaf ./Core/Src/main.o
 .debug_macro   0x000013e8      0x391 ./Core/Src/main.o
 .debug_macro   0x00001779     0x8d00 ./Core/Src/main.o
 .debug_macro   0x0000a479       0x66 ./Core/Src/main.o
 .debug_macro   0x0000a4df     0x34da ./Core/Src/main.o
 .debug_macro   0x0000d9b9      0x189 ./Core/Src/main.o
 .debug_macro   0x0000db42       0x55 ./Core/Src/main.o
 .debug_macro   0x0000db97      0x924 ./Core/Src/main.o
 .debug_macro   0x0000e4bb      0x251 ./Core/Src/main.o
 .debug_macro   0x0000e70c      0x1ae ./Core/Src/main.o
 .debug_macro   0x0000e8ba      0x114 ./Core/Src/main.o
 .debug_macro   0x0000e9ce      0x1a0 ./Core/Src/main.o
 .debug_macro   0x0000eb6e      0x1ed ./Core/Src/main.o
 .debug_macro   0x0000ed5b       0x34 ./Core/Src/main.o
 .debug_macro   0x0000ed8f       0x43 ./Core/Src/main.o
 .debug_macro   0x0000edd2       0x28 ./Core/Src/main.o
 .debug_macro   0x0000edfa       0xb0 ./Core/Src/main.o
 .debug_macro   0x0000eeaa      0x199 ./Core/Src/main.o
 .debug_macro   0x0000f043      0x22c ./Core/Src/main.o
 .debug_macro   0x0000f26f       0x61 ./Core/Src/main.o
 .debug_macro   0x0000f2d0       0xa5 ./Core/Src/main.o
 .debug_macro   0x0000f375       0x4c ./Core/Src/main.o
 .debug_macro   0x0000f3c1      0x112 ./Core/Src/main.o
 .debug_macro   0x0000f4d3      0x5ba ./Core/Src/main.o
 .debug_macro   0x0000fa8d       0x3e ./Core/Src/main.o
 .debug_macro   0x0000facb      0x114 ./Core/Src/main.o
 .debug_macro   0x0000fbdf       0x40 ./Core/Src/main.o
 .debug_macro   0x0000fc1f      0x2d4 ./Core/Src/main.o
 .debug_macro   0x0000fef3       0x61 ./Core/Src/main.o
 .debug_macro   0x0000ff54       0x24 ./Core/Src/main.o
 .debug_macro   0x0000ff78       0x43 ./Core/Src/main.o
 .debug_macro   0x0000ffbb       0x34 ./Core/Src/main.o
 .debug_macro   0x0000ffef       0x16 ./Core/Src/main.o
 .debug_macro   0x00010005       0x35 ./Core/Src/main.o
 .debug_macro   0x0001003a      0x369 ./Core/Src/main.o
 .debug_macro   0x000103a3       0x10 ./Core/Src/main.o
 .debug_macro   0x000103b3       0x16 ./Core/Src/main.o
 .debug_macro   0x000103c9       0x43 ./Core/Src/main.o
 .debug_macro   0x0001040c       0x34 ./Core/Src/main.o
 .debug_macro   0x00010440       0x10 ./Core/Src/main.o
 .debug_macro   0x00010450       0x58 ./Core/Src/main.o
 .debug_macro   0x000104a8       0x8e ./Core/Src/main.o
 .debug_macro   0x00010536       0x1c ./Core/Src/main.o
 .debug_macro   0x00010552      0x177 ./Core/Src/main.o
 .debug_macro   0x000106c9       0x16 ./Core/Src/main.o
 .debug_macro   0x000106df       0x16 ./Core/Src/main.o
 .debug_macro   0x000106f5      0x146 ./Core/Src/main.o
 .debug_macro   0x0001083b       0x1c ./Core/Src/main.o
 .debug_macro   0x00010857      0x1bd ./Core/Src/stm32f0xx_hal_msp.o
 .debug_macro   0x00010a14      0x1c7 ./Core/Src/stm32f0xx_it.o
 .debug_macro   0x00010bdb      0x1ae ./Core/Src/system_stm32f0xx.o
 .debug_macro   0x00010d89      0x1d2 ./Drivers/STM32F0xx_HAL_Driver/Src/stm32f0xx_hal.o
 .debug_macro   0x00010f5b      0x1ae ./Drivers/STM32F0xx_HAL_Driver/Src/stm32f0xx_hal_cortex.o
 .debug_macro   0x00011109      0x1b5 ./Drivers/STM32F0xx_HAL_Driver/Src/stm32f0xx_hal_gpio.o
 .debug_macro   0x000112be      0x1c0 ./Drivers/STM32F0xx_HAL_Driver/Src/stm32f0xx_hal_rcc.o
 .debug_macro   0x0001147e      0x1ae ./Drivers/STM32F0xx_HAL_Driver/Src/stm32f0xx_hal_rcc_ex.o
 .debug_macro   0x0001162c      0x1cb ./Drivers/STM32F0xx_HAL_Driver/Src/stm32f0xx_hal_uart.o
 .debug_macro   0x000117f7      0x1bd ./Drivers/Sensor Driver/ds18b20.o
 .debug_macro   0x000119b4       0x16 ./Drivers/Sensor Driver/ds18b20.o

.debug_line     0x00000000     0x8cc3
 .debug_line    0x00000000      0xac2 ./Core/Src/main.o
 .debug_line    0x00000ac2      0x77b ./Core/Src/stm32f0xx_hal_msp.o
 .debug_line    0x0000123d      0x792 ./Core/Src/stm32f0xx_it.o
 .debug_line    0x000019cf      0x79d ./Core/Src/system_stm32f0xx.o
 .debug_line    0x0000216c       0x7b ./Core/Startup/startup_stm32f051r8tx.o
 .debug_line    0x000021e7      0x9a8 ./Drivers/STM32F0xx_HAL_Driver/Src/stm32f0xx_hal.o
 .debug_line    0x00002b8f      0xa54 ./Drivers/STM32F0xx_HAL_Driver/Src/stm32f0xx_hal_cortex.o
 .debug_line    0x000035e3      0xb41 ./Drivers/STM32F0xx_HAL_Driver/Src/stm32f0xx_hal_gpio.o
 .debug_line    0x00004124      0xd8d ./Drivers/STM32F0xx_HAL_Driver/Src/stm32f0xx_hal_rcc.o
 .debug_line    0x00004eb1      0x94e ./Drivers/STM32F0xx_HAL_Driver/Src/stm32f0xx_hal_rcc_ex.o
 .debug_line    0x000057ff     0x2c51 ./Drivers/STM32F0xx_HAL_Driver/Src/stm32f0xx_hal_uart.o
 .debug_line    0x00008450      0x873 ./Drivers/Sensor Driver/ds18b20.o

.debug_str      0x00000000    0x69686
 .debug_str     0x00000000    0x680e3 ./Core/Src/main.o
                              0x6843e (size before relaxing)
 .debug_str     0x000680e3       0x66 ./Core/Src/stm32f0xx_hal_msp.o
                              0x63a2d (size before relaxing)
 .debug_str     0x00068149       0x82 ./Core/Src/stm32f0xx_it.o
                              0x6352b (size before relaxing)
 .debug_str     0x000681cb       0x8b ./Core/Src/system_stm32f0xx.o
                              0x634d8 (size before relaxing)
 .debug_str     0x00068256       0x44 ./Core/Startup/startup_stm32f051r8tx.o
                                 0x88 (size before relaxing)
 .debug_str     0x0006829a      0x4d7 ./Drivers/STM32F0xx_HAL_Driver/Src/stm32f0xx_hal.o
                              0x63a9e (size before relaxing)
 .debug_str     0x00068771      0x1be ./Drivers/STM32F0xx_HAL_Driver/Src/stm32f0xx_hal_cortex.o
                              0x6388f (size before relaxing)
 .debug_str     0x0006892f      0x113 ./Drivers/STM32F0xx_HAL_Driver/Src/stm32f0xx_hal_gpio.o
                              0x63679 (size before relaxing)
 .debug_str     0x00068a42      0x21a ./Drivers/STM32F0xx_HAL_Driver/Src/stm32f0xx_hal_rcc.o
                              0x63914 (size before relaxing)
 .debug_str     0x00068c5c       0x97 ./Drivers/STM32F0xx_HAL_Driver/Src/stm32f0xx_hal_rcc_ex.o
                              0x63633 (size before relaxing)
 .debug_str     0x00068cf3      0x8c0 ./Drivers/STM32F0xx_HAL_Driver/Src/stm32f0xx_hal_uart.o
                              0x6423c (size before relaxing)
 .debug_str     0x000695b3       0xd3 ./Drivers/Sensor Driver/ds18b20.o
                              0x63a0b (size before relaxing)

.comment        0x00000000       0x43
 .comment       0x00000000       0x43 ./Core/Src/main.o
                                 0x44 (size before relaxing)
 .comment       0x00000043       0x44 ./Core/Src/stm32f0xx_hal_msp.o
 .comment       0x00000043       0x44 ./Core/Src/stm32f0xx_it.o
 .comment       0x00000043       0x44 ./Core/Src/system_stm32f0xx.o
 .comment       0x00000043       0x44 ./Drivers/STM32F0xx_HAL_Driver/Src/stm32f0xx_hal.o
 .comment       0x00000043       0x44 ./Drivers/STM32F0xx_HAL_Driver/Src/stm32f0xx_hal_cortex.o
 .comment       0x00000043       0x44 ./Drivers/STM32F0xx_HAL_Driver/Src/stm32f0xx_hal_gpio.o
 .comment       0x00000043       0x44 ./Drivers/STM32F0xx_HAL_Driver/Src/stm32f0xx_hal_rcc.o
 .comment       0x00000043       0x44 ./Drivers/STM32F0xx_HAL_Driver/Src/stm32f0xx_hal_rcc_ex.o
 .comment       0x00000043       0x44 ./Drivers/STM32F0xx_HAL_Driver/Src/stm32f0xx_hal_uart.o
 .comment       0x00000043       0x44 ./Drivers/Sensor Driver/ds18b20.o

.debug_frame    0x00000000     0x1464
 .debug_frame   0x00000000       0xa4 ./Core/Src/main.o
 .debug_frame   0x000000a4       0x70 ./Core/Src/stm32f0xx_hal_msp.o
 .debug_frame   0x00000114       0x9c ./Core/Src/stm32f0xx_it.o
 .debug_frame   0x000001b0       0x4c ./Core/Src/system_stm32f0xx.o
 .debug_frame   0x000001fc      0x2a4 ./Drivers/STM32F0xx_HAL_Driver/Src/stm32f0xx_hal.o
 .debug_frame   0x000004a0      0x2a0 ./Drivers/STM32F0xx_HAL_Driver/Src/stm32f0xx_hal_cortex.o
 .debug_frame   0x00000740      0x110 ./Drivers/STM32F0xx_HAL_Driver/Src/stm32f0xx_hal_gpio.o
 .debug_frame   0x00000850      0x198 ./Drivers/STM32F0xx_HAL_Driver/Src/stm32f0xx_hal_rcc.o
 .debug_frame   0x000009e8       0x70 ./Drivers/STM32F0xx_HAL_Driver/Src/stm32f0xx_hal_rcc_ex.o
 .debug_frame   0x00000a58      0x850 ./Drivers/STM32F0xx_HAL_Driver/Src/stm32f0xx_hal_uart.o
 .debug_frame   0x000012a8       0xec ./Drivers/Sensor Driver/ds18b20.o
 .debug_frame   0x00001394       0x20 C:/setuplar/ST/STM32CubeIDE_1.12.0/STM32CubeIDE/plugins/com.st.stm32cube.ide.mcu.externaltools.gnu-tools-for-stm32.12.3.rel1.win32_1.0.200.202406191623/tools/bin/../lib/gcc/arm-none-eabi/12.3.1/../../../../arm-none-eabi/lib/thumb/v6-m/nofp\libc_nano.a(libc_a-memset.o)
 .debug_frame   0x000013b4       0x2c C:/setuplar/ST/STM32CubeIDE_1.12.0/STM32CubeIDE/plugins/com.st.stm32cube.ide.mcu.externaltools.gnu-tools-for-stm32.12.3.rel1.win32_1.0.200.202406191623/tools/bin/../lib/gcc/arm-none-eabi/12.3.1/../../../../arm-none-eabi/lib/thumb/v6-m/nofp\libc_nano.a(libc_a-init.o)
 .debug_frame   0x000013e0       0x20 C:/setuplar/ST/STM32CubeIDE_1.12.0/STM32CubeIDE/plugins/com.st.stm32cube.ide.mcu.externaltools.gnu-tools-for-stm32.12.3.rel1.win32_1.0.200.202406191623/tools/bin/../lib/gcc/arm-none-eabi/12.3.1/thumb/v6-m/nofp\libgcc.a(_udivsi3.o)
 .debug_frame   0x00001400       0x38 C:/setuplar/ST/STM32CubeIDE_1.12.0/STM32CubeIDE/plugins/com.st.stm32cube.ide.mcu.externaltools.gnu-tools-for-stm32.12.3.rel1.win32_1.0.200.202406191623/tools/bin/../lib/gcc/arm-none-eabi/12.3.1/thumb/v6-m/nofp\libgcc.a(divsf3.o)
 .debug_frame   0x00001438       0x2c C:/setuplar/ST/STM32CubeIDE_1.12.0/STM32CubeIDE/plugins/com.st.stm32cube.ide.mcu.externaltools.gnu-tools-for-stm32.12.3.rel1.win32_1.0.200.202406191623/tools/bin/../lib/gcc/arm-none-eabi/12.3.1/thumb/v6-m/nofp\libgcc.a(floatsisf.o)

.debug_line_str
                0x00000000       0x6c
 .debug_line_str
                0x00000000       0x6c ./Core/Startup/startup_stm32f051r8tx.o
